Git command to create a branch: git checkout -b
Fast forward a branch only if there are no commits on original branch; recursive is merging while working on new branch of the same file.
git checkout changes to another branch
git branch -D deletes a branch
Merge conflicts happen when same name file or folder are committed in different branches and git doesn't know which one to save.

navin@DESKTOP-FRHHJSP:~$ ls
2017_Hurricanes      2020_Hurricanes  2021_Hurricanes  Irma142.txt        hurricanes      walrus
2020_Big_Hurricanes  2021             Hurricanes       hurricane_man.txt  index_git.html
navin@DESKTOP-FRHHJSP:~$ mkdir learn_git_again
navin@DESKTOP-FRHHJSP:~$ cd mkdir_learn_git_again
-bash: cd: mkdir_learn_git_again: No such file or directory
navin@DESKTOP-FRHHJSP:~$ cd mkdir learn_git_again
-bash: cd: too many arguments
navin@DESKTOP-FRHHJSP:~$ cd learn_git_again
navin@DESKTOP-FRHHJSP:~/learn_git_again$ touch third.txt
navin@DESKTOP-FRHHJSP:~/learn_git_again$ git init
hint: Using 'master' as the name for the initial branch. This default branch name
hint: is subject to change. To configure the initial branch name to use in all
hint: of your new repositories, which will suppress this warning, call:
hint:
hint:   git config --global init.defaultBranch <name>
hint:
hint: Names commonly chosen instead of 'master' are 'main', 'trunk' and
hint: 'development'. The just-created branch can be renamed via this command:
hint:
hint:   git branch -m <name>
Initialized empty Git repository in /home/navin/learn_git_again/.git/
navin@DESKTOP-FRHHJSP:~/learn_git_again$ git add third.txt
navin@DESKTOP-FRHHJSP:~/learn_git_again$ git commit -m "adding third.txt"
[master (root-commit) c512654] adding third.txt
 1 file changed, 0 insertions(+), 0 deletions(-)
 create mode 100644 third.txt
navin@DESKTOP-FRHHJSP:~/learn_git_again$ git log
commit c5126547143822c033c74c803b61f8a13b5281db (HEAD -> master)
Author: navin <navinsinghmed@gmail.com>
Date:   Wed Jan 25 02:19:20 2023 -0500

    adding third.txt
navin@DESKTOP-FRHHJSP:~/learn_git_again$ touch fourth.txt
navin@DESKTOP-FRHHJSP:~/learn_git_again$ git add fourth.txt
navin@DESKTOP-FRHHJSP:~/learn_git_again$ git commit -m "adding fourth.txt"
[master fe09d2e] adding fourth.txt
 1 file changed, 0 insertions(+), 0 deletions(-)
 create mode 100644 fourth.txt
navin@DESKTOP-FRHHJSP:~/learn_git_again$ rm third.txt
navin@DESKTOP-FRHHJSP:~/learn_git_again$ git add third.txt
navin@DESKTOP-FRHHJSP:~/learn_git_again$ git commit -m "removing third.txt"
[master 572c78f] removing third.txt
 1 file changed, 0 insertions(+), 0 deletions(-)
 delete mode 100644 third.txt
navin@DESKTOP-FRHHJSP:~/learn_git_again$ git log
commit 572c78f192f5ba66e675220ca14f2ed6226a46b3 (HEAD -> master)
Author: navin <navinsinghmed@gmail.com>
Date:   Wed Jan 25 02:20:37 2023 -0500

    removing third.txt

commit fe09d2efc890723f2a22acc7da4823dfad024d03
Author: navin <navinsinghmed@gmail.com>
Date:   Wed Jan 25 02:20:07 2023 -0500

    adding fourth.txt

commit c5126547143822c033c74c803b61f8a13b5281db
Author: navin <navinsinghmed@gmail.com>
Date:   Wed Jan 25 02:19:20 2023 -0500

    adding third.txt
navin@DESKTOP-FRHHJSP:~/learn_git_again$ git config --global core.pager "cat"
navin@DESKTOP-FRHHJSP:~/learn_git_again$ git config --global --list
user.name=navin
user.email=navinsinghmed@gmail.com
core.pager=cat
navin@DESKTOP-FRHHJSP:~/learn_git_again$ ls
fourth.txt
navin@DESKTOP-FRHHJSP:~/learn_git_again$ cd ..
navin@DESKTOP-FRHHJSP:~$ ls
2017_Hurricanes      2020_Hurricanes  2021_Hurricanes  Irma142.txt        hurricanes      learn_git_again
2020_Big_Hurricanes  2021             Hurricanes       hurricane_man.txt  index_git.html  walrus
navin@DESKTOP-FRHHJSP:~$ pwd
/home/navin
navin@DESKTOP-FRHHJSP:~$ ls
2017_Hurricanes      2020_Hurricanes  2021_Hurricanes  Irma142.txt        hurricanes      learn_git_again
2020_Big_Hurricanes  2021             Hurricanes       hurricane_man.txt  index_git.html  walrus
navin@DESKTOP-FRHHJSP:~$ git status
On branch master
Changes not staged for commit:
  (use "git add <file>..." to update what will be committed)
  (use "git restore <file>..." to discard changes in working directory)
        modified:   index_git.html

Untracked files:
  (use "git add <file>..." to include in what will be committed)
        .bash_history
        .bash_logout
        .bashrc
        .gitconfig
        .lesshst
        .motd_shown
        .profile
        .vscode-server/
        .vscode/
        .wget-hsts
        2017_Hurricanes/
        2020_Big_Hurricanes/
        2020_Hurricanes/
        Irma142.txt
        hurricane_man.txt
        learn_git_again/

no changes added to commit (use "git add" and/or "git commit -a")
navin@DESKTOP-FRHHJSP:~$ git branch
* master
navin@DESKTOP-FRHHJSP:~$ git branch add-css
navin@DESKTOP-FRHHJSP:~$ ls
2017_Hurricanes      2020_Hurricanes  2021_Hurricanes  Irma142.txt        hurricanes      learn_git_again
2020_Big_Hurricanes  2021             Hurricanes       hurricane_man.txt  index_git.html  walrus
navin@DESKTOP-FRHHJSP:~$ git status
On branch master
Changes not staged for commit:
  (use "git add <file>..." to update what will be committed)
  (use "git restore <file>..." to discard changes in working directory)
        modified:   index_git.html

Untracked files:
  (use "git add <file>..." to include in what will be committed)
        .bash_history
        .bash_logout
        .bashrc
        .gitconfig
        .lesshst
        .motd_shown
        .profile
        .vscode-server/
        .vscode/
        .wget-hsts
        2017_Hurricanes/
        2020_Big_Hurricanes/
        2020_Hurricanes/
        Irma142.txt
        hurricane_man.txt
        learn_git_again/

no changes added to commit (use "git add" and/or "git commit -a")
navin@DESKTOP-FRHHJSP:~$ git checkout add-css
M       index_git.html
Switched to branch 'add-css'
navin@DESKTOP-FRHHJSP:~$ git status
On branch add-css
Changes not staged for commit:
  (use "git add <file>..." to update what will be committed)
  (use "git restore <file>..." to discard changes in working directory)
        modified:   index_git.html

Untracked files:
  (use "git add <file>..." to include in what will be committed)
        .bash_history
        .bash_logout
        .bashrc
        .gitconfig
        .lesshst
        .motd_shown
        .profile
        .vscode-server/
        .vscode/
        .wget-hsts
        2017_Hurricanes/
        2020_Big_Hurricanes/
        2020_Hurricanes/
        Irma142.txt
        hurricane_man.txt
        learn_git_again/

no changes added to commit (use "git add" and/or "git commit -a")
navin@DESKTOP-FRHHJSP:~$ git branch
* add-css
  master
navin@DESKTOP-FRHHJSP:~$ i am the walrus
i: command not found
navin@DESKTOP-FRHHJSP:~$ git status
On branch add-css
Changes not staged for commit:
  (use "git add <file>..." to update what will be committed)
  (use "git restore <file>..." to discard changes in working directory)
        modified:   index_git.html

Untracked files:
  (use "git add <file>..." to include in what will be committed)
        .bash_history
        .bash_logout
        .bashrc
        .gitconfig
        .lesshst
        .motd_shown
        .profile
        .vscode-server/
        .vscode/
        .wget-hsts
        2017_Hurricanes/
        2020_Big_Hurricanes/
        2020_Hurricanes/
        Irma142.txt
        hurricane_man.txt
        learn_git_again/

no changes added to commit (use "git add" and/or "git commit -a")
navin@DESKTOP-FRHHJSP:~$ git add ,
fatal: pathspec ',' did not match any files
navin@DESKTOP-FRHHJSP:~$ git commit -m "add basic styles"
On branch add-css
Changes not staged for commit:
  (use "git add <file>..." to update what will be committed)
  (use "git restore <file>..." to discard changes in working directory)
        modified:   index_git.html

Untracked files:
  (use "git add <file>..." to include in what will be committed)
        .bash_history
        .bash_logout
        .bashrc
        .gitconfig
        .lesshst
        .motd_shown
        .profile
        .vscode-server/
        .vscode/
        .wget-hsts
        2017_Hurricanes/
        2020_Big_Hurricanes/
        2020_Hurricanes/
        Irma142.txt
        hurricane_man.txt
        learn_git_again/

no changes added to commit (use "git add" and/or "git commit -a")
navin@DESKTOP-FRHHJSP:~$ git commit
On branch add-css
Changes not staged for commit:
  (use "git add <file>..." to update what will be committed)
  (use "git restore <file>..." to discard changes in working directory)
        modified:   index_git.html

Untracked files:
  (use "git add <file>..." to include in what will be committed)
        .bash_history
        .bash_logout
        .bashrc
        .gitconfig
        .lesshst
        .motd_shown
        .profile
        .vscode-server/
        .vscode/
        .wget-hsts
        2017_Hurricanes/
        2020_Big_Hurricanes/
        2020_Hurricanes/
        Irma142.txt
        hurricane_man.txt
        learn_git_again/

no changes added to commit (use "git add" and/or "git commit -a")
navin@DESKTOP-FRHHJSP:~$ git status
On branch add-css
Changes not staged for commit:
  (use "git add <file>..." to update what will be committed)
  (use "git restore <file>..." to discard changes in working directory)
        modified:   index_git.html

Untracked files:
  (use "git add <file>..." to include in what will be committed)
        .bash_history
        .bash_logout
        .bashrc
        .gitconfig
        .lesshst
        .motd_shown
        .profile
        .vscode-server/
        .vscode/
        .wget-hsts
        2017_Hurricanes/
        2020_Big_Hurricanes/
        2020_Hurricanes/
        Irma142.txt
        hurricane_man.txt
        learn_git_again/

no changes added to commit (use "git add" and/or "git commit -a")
navin@DESKTOP-FRHHJSP:~$ git checkout master
M       index_git.html
Switched to branch 'master'
navin@DESKTOP-FRHHJSP:~$ ls
2017_Hurricanes      2020_Hurricanes  2021_Hurricanes  Irma142.txt        hurricanes      learn_git_again
2020_Big_Hurricanes  2021             Hurricanes       hurricane_man.txt  index_git.html  walrus
navin@DESKTOP-FRHHJSP:~$ git status
On branch master
Changes not staged for commit:
  (use "git add <file>..." to update what will be committed)
  (use "git restore <file>..." to discard changes in working directory)
        modified:   index_git.html

Untracked files:
  (use "git add <file>..." to include in what will be committed)
        .bash_history
        .bash_logout
        .bashrc
        .gitconfig
        .lesshst
        .motd_shown
        .profile
        .vscode-server/
        .vscode/
        .wget-hsts
        2017_Hurricanes/
        2020_Big_Hurricanes/
        2020_Hurricanes/
        Irma142.txt
        hurricane_man.txt
        learn_git_again/

no changes added to commit (use "git add" and/or "git commit -a")
navin@DESKTOP-FRHHJSP:~$ ls
2017_Hurricanes      2020_Hurricanes  2021_Hurricanes  Irma142.txt        hurricanes      learn_git_again
2020_Big_Hurricanes  2021             Hurricanes       hurricane_man.txt  index_git.html  walrus
navin@DESKTOP-FRHHJSP:~$ git checkout add-css
M       index_git.html
Switched to branch 'add-css'
navin@DESKTOP-FRHHJSP:~$ ls
2017_Hurricanes      2020_Hurricanes  2021_Hurricanes  Irma142.txt        hurricanes      learn_git_again
2020_Big_Hurricanes  2021             Hurricanes       hurricane_man.txt  index_git.html  walrus
navin@DESKTOP-FRHHJSP:~$ git status
On branch add-css
Changes not staged for commit:
  (use "git add <file>..." to update what will be committed)
  (use "git restore <file>..." to discard changes in working directory)
        modified:   index_git.html

Untracked files:
  (use "git add <file>..." to include in what will be committed)
        .bash_history
        .bash_logout
        .bashrc
        .gitconfig
        .lesshst
        .motd_shown
        .profile
        .vscode-server/
        .vscode/
        .wget-hsts
        2017_Hurricanes/
        2020_Big_Hurricanes/
        2020_Hurricanes/
        Irma142.txt
        hurricane_man.txt
        learn_git_again/

no changes added to commit (use "git add" and/or "git commit -a")
navin@DESKTOP-FRHHJSP:~$ git checkout
M       index_git.html
navin@DESKTOP-FRHHJSP:~$ ls
2017_Hurricanes      2020_Hurricanes  2021_Hurricanes  Irma142.txt        hurricanes      learn_git_again
2020_Big_Hurricanes  2021             Hurricanes       hurricane_man.txt  index_git.html  walrus
navin@DESKTOP-FRHHJSP:~$ git checkout master
M       index_git.html
Switched to branch 'master'
navin@DESKTOP-FRHHJSP:~$ ls
2017_Hurricanes      2020_Hurricanes  2021_Hurricanes  Irma142.txt        hurricanes      learn_git_again
2020_Big_Hurricanes  2021             Hurricanes       hurricane_man.txt  index_git.html  walrus
navin@DESKTOP-FRHHJSP:~$ ls
2017_Hurricanes      2020_Hurricanes  2021_Hurricanes  Irma142.txt        hurricanes      learn_git_again
2020_Big_Hurricanes  2021             Hurricanes       hurricane_man.txt  index_git.html  walrus
navin@DESKTOP-FRHHJSP:~$ git status
On branch master
Changes not staged for commit:
  (use "git add <file>..." to update what will be committed)
  (use "git restore <file>..." to discard changes in working directory)
        modified:   index_git.html

Untracked files:
  (use "git add <file>..." to include in what will be committed)
        .bash_history
        .bash_logout
        .bashrc
        .gitconfig
        .lesshst
        .motd_shown
        .profile
        .vscode-server/
        .vscode/
        .wget-hsts
        2017_Hurricanes/
        2020_Big_Hurricanes/
        2020_Hurricanes/
        Irma142.txt
        hurricane_man.txt
        learn_git_again/

no changes added to commit (use "git add" and/or "git commit -a")
navin@DESKTOP-FRHHJSP:~$ git checkout -b 2023_Hurricane_Branch
Switched to a new branch '2023_Hurricane_Branch'
navin@DESKTOP-FRHHJSP:~$ ls
2017_Hurricanes      2020_Hurricanes  2021_Hurricanes  Irma142.txt        hurricanes      learn_git_again
2020_Big_Hurricanes  2021             Hurricanes       hurricane_man.txt  index_git.html  walrus
navin@DESKTOP-FRHHJSP:~$ git status
On branch 2023_Hurricane_Branch
Changes not staged for commit:
  (use "git add <file>..." to update what will be committed)
  (use "git restore <file>..." to discard changes in working directory)
        modified:   index_git.html

Untracked files:
  (use "git add <file>..." to include in what will be committed)
        .bash_history
        .bash_logout
        .bashrc
        .gitconfig
        .lesshst
        .motd_shown
        .profile
        .vscode-server/
        .vscode/
        .wget-hsts
        2017_Hurricanes/
        2020_Big_Hurricanes/
        2020_Hurricanes/
        Irma142.txt
        hurricane_man.txt
        learn_git_again/

no changes added to commit (use "git add" and/or "git commit -a")
navin@DESKTOP-FRHHJSP:~$ git log --oneline
e42eb16 (HEAD -> 2023_Hurricane_Branch, master, add-css) create index_git.html
navin@DESKTOP-FRHHJSP:~$ git status
On branch 2023_Hurricane_Branch
Changes not staged for commit:
  (use "git add <file>..." to update what will be committed)
  (use "git restore <file>..." to discard changes in working directory)
        modified:   index_git.html

Untracked files:
  (use "git add <file>..." to include in what will be committed)
        .bash_history
        .bash_logout
        .bashrc
        .gitconfig
        .lesshst
        .motd_shown
        .profile
        .vscode-server/
        .vscode/
        .wget-hsts
        2017_Hurricanes/
        2020_Big_Hurricanes/
        2020_Hurricanes/
        Irma142.txt
        hurricane_man.txt
        learn_git_again/

no changes added to commit (use "git add" and/or "git commit -a")
navin@DESKTOP-FRHHJSP:~$ git branch
* 2023_Hurricane_Branch
  add-css
  master
navin@DESKTOP-FRHHJSP:~$ git merge add-css
Already up to date.
navin@DESKTOP-FRHHJSP:~$ ls
2017_Hurricanes      2020_Hurricanes  2021_Hurricanes  Irma142.txt        hurricanes      learn_git_again
2020_Big_Hurricanes  2021             Hurricanes       hurricane_man.txt  index_git.html  walrus
navin@DESKTOP-FRHHJSP:~$ git status
On branch 2023_Hurricane_Branch
Changes not staged for commit:
  (use "git add <file>..." to update what will be committed)
  (use "git restore <file>..." to discard changes in working directory)
        modified:   index_git.html

Untracked files:
  (use "git add <file>..." to include in what will be committed)
        .bash_history
        .bash_logout
        .bashrc
        .gitconfig
        .lesshst
        .motd_shown
        .profile
        .vscode-server/
        .vscode/
        .wget-hsts
        2017_Hurricanes/
        2020_Big_Hurricanes/
        2020_Hurricanes/
        Irma142.txt
        hurricane_man.txt
        learn_git_again/

no changes added to commit (use "git add" and/or "git commit -a")
navin@DESKTOP-FRHHJSP:~$ git add
Nothing specified, nothing added.
hint: Maybe you wanted to say 'git add .'?
hint: Turn this message off by running
hint: "git config advice.addEmptyPathspec false"
navin@DESKTOP-FRHHJSP:~$ git add walrus_hurricane.html
fatal: pathspec 'walrus_hurricane.html' did not match any files
navin@DESKTOP-FRHHJSP:~$ git branch 2004_hurricane
navin@DESKTOP-FRHHJSP:~$ git status
On branch 2023_Hurricane_Branch
Changes not staged for commit:
  (use "git add <file>..." to update what will be committed)
  (use "git restore <file>..." to discard changes in working directory)
        modified:   index_git.html

Untracked files:
  (use "git add <file>..." to include in what will be committed)
        .bash_history
        .bash_logout
        .bashrc
        .gitconfig
        .lesshst
        .motd_shown
        .profile
        .vscode-server/
        .vscode/
        .wget-hsts
        2017_Hurricanes/
        2020_Big_Hurricanes/
        2020_Hurricanes/
        Irma142.txt
        hurricane_man.txt
        learn_git_again/

no changes added to commit (use "git add" and/or "git commit -a")
navin@DESKTOP-FRHHJSP:~$ git merge 2023_Hurricanes
merge: 2023_Hurricanes - not something we can merge
navin@DESKTOP-FRHHJSP:~$ git merge 2023_Hurricane
merge: 2023_Hurricane - not something we can merge
navin@DESKTOP-FRHHJSP:~$ git status
On branch 2023_Hurricane_Branch
Changes not staged for commit:
  (use "git add <file>..." to update what will be committed)
  (use "git restore <file>..." to discard changes in working directory)
        modified:   index_git.html

Untracked files:
  (use "git add <file>..." to include in what will be committed)
        .bash_history
        .bash_logout
        .bashrc
        .gitconfig
        .lesshst
        .motd_shown
        .profile
        .vscode-server/
        .vscode/
        .wget-hsts
        2017_Hurricanes/
        2020_Big_Hurricanes/
        2020_Hurricanes/
        Irma142.txt
        hurricane_man.txt
        learn_git_again/

no changes added to commit (use "git add" and/or "git commit -a")
navin@DESKTOP-FRHHJSP:~$ git branch
  2004_hurricane
* 2023_Hurricane_Branch
  add-css
  master
navin@DESKTOP-FRHHJSP:~$ cd 2004_hurricane
-bash: cd: 2004_hurricane: No such file or directory
navin@DESKTOP-FRHHJSP:~$ git status
On branch 2023_Hurricane_Branch
Changes not staged for commit:
  (use "git add <file>..." to update what will be committed)
  (use "git restore <file>..." to discard changes in working directory)
        modified:   index_git.html

Untracked files:
  (use "git add <file>..." to include in what will be committed)
        .bash_history
        .bash_logout
        .bashrc
        .gitconfig
        .lesshst
        .motd_shown
        .profile
        .vscode-server/
        .vscode/
        .wget-hsts
        2017_Hurricanes/
        2020_Big_Hurricanes/
        2020_Hurricanes/
        Irma142.txt
        hurricane_man.txt
        learn_git_again/

no changes added to commit (use "git add" and/or "git commit -a")
navin@DESKTOP-FRHHJSP:~$ git checkout -b wacko_hurricane.html
Switched to a new branch 'wacko_hurricane.html'
navin@DESKTOP-FRHHJSP:~$ git status
On branch wacko_hurricane.html
Changes not staged for commit:
  (use "git add <file>..." to update what will be committed)
  (use "git restore <file>..." to discard changes in working directory)
        modified:   index_git.html

Untracked files:
  (use "git add <file>..." to include in what will be committed)
        .bash_history
        .bash_logout
        .bashrc
        .gitconfig
        .lesshst
        .motd_shown
        .profile
        .vscode-server/
        .vscode/
        .wget-hsts
        2017_Hurricanes/
        2020_Big_Hurricanes/
        2020_Hurricanes/
        Irma142.txt
        hurricane_man.txt
        learn_git_again/

no changes added to commit (use "git add" and/or "git commit -a")
navin@DESKTOP-FRHHJSP:~$ git checkout -b wacko_cyclone_2023
Switched to a new branch 'wacko_cyclone_2023'
navin@DESKTOP-FRHHJSP:~$ git status
On branch wacko_cyclone_2023
Changes not staged for commit:
  (use "git add <file>..." to update what will be committed)
  (use "git restore <file>..." to discard changes in working directory)
        modified:   index_git.html

Untracked files:
  (use "git add <file>..." to include in what will be committed)
        .bash_history
        .bash_logout
        .bashrc
        .gitconfig
        .lesshst
        .motd_shown
        .profile
        .vscode-server/
        .vscode/
        .wget-hsts
        2017_Hurricanes/
        2020_Big_Hurricanes/
        2020_Hurricanes/
        Irma142.txt
        hurricane_man.txt
        learn_git_again/

no changes added to commit (use "git add" and/or "git commit -a")
navin@DESKTOP-FRHHJSP:~$ git add wacko_hurricane_real.html
fatal: pathspec 'wacko_hurricane_real.html' did not match any files
navin@DESKTOP-FRHHJSP:~$ git merge wacko_hurricane
merge: wacko_hurricane - not something we can merge
navin@DESKTOP-FRHHJSP:~$